2330	count: 97	CR: -1.562	AR: 0.26%	MaxR: 10.00%	minR: -11.8%	win: 58.76%
2317	count: 90	CR: -3.046	AR: -2.45%	MaxR: 35.20%	minR: -53.90013%	win: 50.00%
2412	count: 93	CR: -1.131	AR: -0.13%	MaxR: 16.50%	minR: -26.0841%	win: 50.54%
1301	count: 92	CR: -1.445	AR: -0.61%	MaxR: 8.60%	minR: -22.7001%	win: 53.26%
1303	count: 94	CR: -1.219	AR: -0.53%	MaxR: 9.80%	minR: -21.2%	win: 48.94%
1326	count: 86	CR: -1.631	AR: -0.78%	MaxR: 11.10%	minR: -18.9%	win: 50.00%
2454	count: 90	CR: -4.785	AR: -2.89%	MaxR: 63.00%	minR: -129.9995%	win: 50.00%
2308	count: 97	CR: -2.142	AR: -0.57%	MaxR: 14.46%	minR: -26.4211%	win: 48.45%
2882	count: 87	CR: -0.981	AR: -0.57%	MaxR: 10.45%	minR: -22.141%	win: 47.13%
2881	count: 89	CR: -0.755	AR: -0.28%	MaxR: 7.50%	minR: -5.7%	win: 46.07%
